{
  "version": "1.5.0",
  "plugins_used": [
    {
      "name": "ArtifactoryDetector"
    },
    {
      "name": "AWSKeyDetector"
    },
    {
      "name": "AzureStorageKeyDetector"
    },
    {
      "name": "Base64HighEntropyString",
      "limit": 4.5
    },
    {
      "name": "BasicAuthDetector"
    },
    {
      "name": "CloudantDetector"
    },
    {
      "name": "DiscordBotTokenDetector"
    },
    {
      "name": "GitHubTokenDetector"
    },
    {
      "name": "GitLabTokenDetector"
    },
    {
      "name": "HexHighEntropyString",
      "limit": 3.0
    },
    {
      "name": "IbmCloudIamDetector"
    },
    {
      "name": "IbmCosHmacDetector"
    },
    {
      "name": "IPPublicDetector"
    },
    {
      "name": "JwtTokenDetector"
    },
    {
      "name": "KeywordDetector",
      "keyword_exclude": ""
    },
    {
      "name": "MailchimpDetector"
    },
    {
      "name": "NpmDetector"
    },
    {
      "name": "OpenAIDetector"
    },
    {
      "name": "PrivateKeyDetector"
    },
    {
      "name": "PypiTokenDetector"
    },
    {
      "name": "SendGridDetector"
    },
    {
      "name": "SlackDetector"
    },
    {
      "name": "SoftlayerDetector"
    },
    {
      "name": "SquareOAuthDetector"
    },
    {
      "name": "StripeDetector"
    },
    {
      "name": "TelegramBotTokenDetector"
    },
    {
      "name": "TwilioKeyDetector"
    }
  ],
  "filters_used": [
    {
      "path": "detect_secrets.filters.allowlist.is_line_allowlisted"
    },
    {
      "path": "detect_secrets.filters.common.is_baseline_file",
      "filename": ".secrets.baseline"
    },
    {
      "path": "detect_secrets.filters.common.is_ignored_due_to_verification_policies",
      "min_level": 2
    },
    {
      "path": "detect_secrets.filters.heuristic.is_indirect_reference"
    },
    {
      "path": "detect_secrets.filters.heuristic.is_likely_id_string"
    },
    {
      "path": "detect_secrets.filters.heuristic.is_lock_file"
    },
    {
      "path": "detect_secrets.filters.heuristic.is_not_alphanumeric_string"
    },
    {
      "path": "detect_secrets.filters.heuristic.is_potential_uuid"
    },
    {
      "path": "detect_secrets.filters.heuristic.is_prefixed_with_dollar_sign"
    },
    {
      "path": "detect_secrets.filters.heuristic.is_sequential_string"
    },
    {
      "path": "detect_secrets.filters.heuristic.is_swagger_file"
    },
    {
      "path": "detect_secrets.filters.heuristic.is_templated_secret"
    }
  ],
  "results": {
    ".github/workflows/ci.yml": [
      {
        "type": "Base64 High Entropy String",
        "filename": ".github/workflows/ci.yml",
        "hashed_secret": "1fdde1979a7638f55ff9a7bb79de7dd8bde458d5",
        "is_verified": false,
        "line_number": 188
      },
      {
        "type": "Secret Keyword",
        "filename": ".github/workflows/ci.yml",
        "hashed_secret": "61d5ab13249420df6c6ca96dee4657dd870cd3f3",
        "is_verified": false,
        "line_number": 188
      }
    ],
    "apps/templates/base.html": [
      {
        "type": "Base64 High Entropy String",
        "filename": "apps/templates/base.html",
        "hashed_secret": "f3f7cc31425988108a33f02302e72e93b831274a",
        "is_verified": false,
        "line_number": 27
      },
      {
        "type": "Base64 High Entropy String",
        "filename": "apps/templates/base.html",
        "hashed_secret": "8086e753b731cc43cb547cd901f86bf347f5ead2",
        "is_verified": false,
        "line_number": 125
      },
      {
        "type": "Base64 High Entropy String",
        "filename": "apps/templates/base.html",
        "hashed_secret": "2efd4e1a5b9d9c816fc20b3c83709c40fb19c830",
        "is_verified": false,
        "line_number": 131
      },
      {
        "type": "Base64 High Entropy String",
        "filename": "apps/templates/base.html",
        "hashed_secret": "490bf5399d592e831576291c61887de393cd5707",
        "is_verified": false,
        "line_number": 138
      }
    ],
    "architektura_systemu.html": [
      {
        "type": "Base64 High Entropy String",
        "filename": "architektura_systemu.html",
        "hashed_secret": "9cd8fe2323a256504972480d2afa8abdc3741775",
        "is_verified": false,
        "line_number": 6
      },
      {
        "type": "Base64 High Entropy String",
        "filename": "architektura_systemu.html",
        "hashed_secret": "d347762cd7899c498c4b4eef56b970dfe9c2090b",
        "is_verified": false,
        "line_number": 7
      },
      {
        "type": "Base64 High Entropy String",
        "filename": "architektura_systemu.html",
        "hashed_secret": "50487daeebfb85320d9e06f08a841a8f45e6a80b",
        "is_verified": false,
        "line_number": 19
      },
      {
        "type": "Base64 High Entropy String",
        "filename": "architektura_systemu.html",
        "hashed_secret": "f60351a872bbfa72d9e24b0e8e4cbe997030ee4a",
        "is_verified": false,
        "line_number": 24
      }
    ],
    "badges_system.sonargraph/system.sonargraph": [
      {
        "type": "Hex High Entropy String",
        "filename": "badges_system.sonargraph/system.sonargraph",
        "hashed_secret": "75200273ff5785de165e115c4c8e5d80a610a42c",
        "is_verified": false,
        "line_number": 2
      },
      {
        "type": "Hex High Entropy String",
        "filename": "badges_system.sonargraph/system.sonargraph",
        "hashed_secret": "7bb595f2268dd35b98cc5e4e7f843f11b0b01884",
        "is_verified": false,
        "line_number": 4
      }
    ],
    "data/reference/manifest.json": [
      {
        "type": "Hex High Entropy String",
        "filename": "data/reference/manifest.json",
        "hashed_secret": "cc544d9b6e2d24f0f088ad3082fae6595d5f4955",
        "is_verified": false,
        "line_number": 13
      },
      {
        "type": "Hex High Entropy String",
        "filename": "data/reference/manifest.json",
        "hashed_secret": "d3ffec1c86ac94f833ec3a6119bdcd948d3fc3ab",
        "is_verified": false,
        "line_number": 14
      },
      {
        "type": "Hex High Entropy String",
        "filename": "data/reference/manifest.json",
        "hashed_secret": "2a1b7bf7400b981eda3f852e9b3b6f1ebf7bbb67",
        "is_verified": false,
        "line_number": 15
      },
      {
        "type": "Hex High Entropy String",
        "filename": "data/reference/manifest.json",
        "hashed_secret": "804c805b90b96a07f8accab01a25ebc614cac0f7",
        "is_verified": false,
        "line_number": 16
      },
      {
        "type": "Hex High Entropy String",
        "filename": "data/reference/manifest.json",
        "hashed_secret": "d93206679bf800a14edb0df5692a937fa7c4d221",
        "is_verified": false,
        "line_number": 17
      }
    ],
    "docs/Agent Specification.md": [
      {
        "type": "Basic Auth Credentials",
        "filename": "docs/Agent Specification.md",
        "hashed_secret": "9d4e1e23bd5b727046a9e3b4b7db57bd8d6ee684",
        "is_verified": false,
        "line_number": 190
      }
    ],
    "docs/Manifest/20-configuration-contract.md": [
      {
        "type": "Basic Auth Credentials",
        "filename": "docs/Manifest/20-configuration-contract.md",
        "hashed_secret": "a94a8fe5ccb19ba61c4c0873d391e987982fbbd3",
        "is_verified": false,
        "line_number": 210
      },
      {
        "type": "Secret Keyword",
        "filename": "docs/Manifest/20-configuration-contract.md",
        "hashed_secret": "a137f468047c4de8112b4675a99c599d9a03ff61",
        "is_verified": false,
        "line_number": 211
      }
    ],
    "galaktyka_odznak.html": [
      {
        "type": "Base64 High Entropy String",
        "filename": "galaktyka_odznak.html",
        "hashed_secret": "9cd8fe2323a256504972480d2afa8abdc3741775",
        "is_verified": false,
        "line_number": 6
      },
      {
        "type": "Base64 High Entropy String",
        "filename": "galaktyka_odznak.html",
        "hashed_secret": "d347762cd7899c498c4b4eef56b970dfe9c2090b",
        "is_verified": false,
        "line_number": 7
      },
      {
        "type": "Base64 High Entropy String",
        "filename": "galaktyka_odznak.html",
        "hashed_secret": "50487daeebfb85320d9e06f08a841a8f45e6a80b",
        "is_verified": false,
        "line_number": 22
      },
      {
        "type": "Base64 High Entropy String",
        "filename": "galaktyka_odznak.html",
        "hashed_secret": "f60351a872bbfa72d9e24b0e8e4cbe997030ee4a",
        "is_verified": false,
        "line_number": 27
      }
    ],
    "tests/apps/tourists/test_context_processors.py": [
      {
        "type": "Secret Keyword",
        "filename": "tests/apps/tourists/test_context_processors.py",
        "hashed_secret": "2e7a7ee14caebf378fc32d6cf6f557f347c96773",
        "is_verified": false,
        "line_number": 108
      }
    ],
    "tests/config/test_app_settings.py": [
      {
        "type": "Secret Keyword",
        "filename": "tests/config/test_app_settings.py",
        "hashed_secret": "52c0b35bbe80010f40859205d306000a61258c10",
        "is_verified": false,
        "line_number": 18
      },
      {
        "type": "Basic Auth Credentials",
        "filename": "tests/config/test_app_settings.py",
        "hashed_secret": "a94a8fe5ccb19ba61c4c0873d391e987982fbbd3",
        "is_verified": false,
        "line_number": 19
      }
    ],
    "tests/infrastructure/test_logging.py": [
      {
        "type": "Secret Keyword",
        "filename": "tests/infrastructure/test_logging.py",
        "hashed_secret": "52c0b35bbe80010f40859205d306000a61258c10",
        "is_verified": false,
        "line_number": 18
      },
      {
        "type": "Basic Auth Credentials",
        "filename": "tests/infrastructure/test_logging.py",
        "hashed_secret": "a94a8fe5ccb19ba61c4c0873d391e987982fbbd3",
        "is_verified": false,
        "line_number": 19
      }
    ]
  },
  "generated_at": "2026-08-26T23:53:50Z"
}
